// Vitest Snapshot v1, https://vitest.dev/guide/snapshot.html

exports[`MagicButton > х┐лчЕзц╡ЛшпХ > ф╕НхРМх░║хп╕цМЙщТох┐лчЕз 1`] = `
<DocumentFragment>
  <button
    aria-describedby="test-id"
    class="magic-btn css-dev-only-do-not-override-yotw4n css-var-r2a magic-btn-default magic-btn-color-default magic-btn-variant-outlined magic-btn-sm acss-1i6z9ln"
    type="button"
  >
    <span>
      х░ПцМЙщТо
    </span>
  </button>
</DocumentFragment>
`;

exports[`MagicButton > х┐лчЕзц╡ЛшпХ > ф╕НхРМх░║хп╕цМЙщТох┐лчЕз 2`] = `
<DocumentFragment>
  <button
    aria-describedby="test-id"
    class="magic-btn css-dev-only-do-not-override-yotw4n css-var-r2e magic-btn-default magic-btn-color-default magic-btn-variant-outlined magic-btn-lg acss-1i6z9ln"
    type="button"
  >
    <span>
      хдзцМЙщТо
    </span>
  </button>
</DocumentFragment>
`;

exports[`MagicButton > х┐лчЕзц╡ЛшпХ > ф╕╗шжБцМЙщТох┐лчЕз 1`] = `
<DocumentFragment>
  <button
    aria-describedby="test-id"
    class="magic-btn css-dev-only-do-not-override-yotw4n css-var-r1e magic-btn-primary magic-btn-color-primary magic-btn-variant-solid acss-1i6z9ln"
    type="button"
  >
    <span>
      ф╕╗шжБцМЙщТо
    </span>
  </button>
</DocumentFragment>
`;

exports[`MagicButton > х┐лчЕзц╡ЛшпХ > хКаш╜╜чК╢цАБцМЙщТох┐лчЕз 1`] = `
<DocumentFragment>
  <button
    aria-describedby="test-id"
    class="magic-btn css-dev-only-do-not-override-yotw4n css-var-r22 magic-btn-default magic-btn-color-default magic-btn-variant-outlined magic-btn-loading acss-1i6z9ln"
    type="button"
  >
    <span
      class="magic-btn-icon magic-btn-loading-icon"
    >
      <span
        aria-label="loading"
        class="anticon anticon-loading anticon-spin"
        role="img"
      >
        <svg
          aria-hidden="true"
          data-icon="loading"
          fill="currentColor"
          focusable="false"
          height="1em"
          viewBox="0 0 1024 1024"
          width="1em"
        >
          <path
            d="M988 548c-19.9 0-36-16.1-36-36 0-59.4-11.6-117-34.6-171.3a440.45 440.45 0 00-94.3-139.9 437.71 437.71 0 00-139.9-94.3C629 83.6 571.4 72 512 72c-19.9 0-36-16.1-36-36s16.1-36 36-36c69.1 0 136.2 13.5 199.3 40.3C772.3 66 827 103 874 150c47 47 83.9 101.8 109.7 162.7 26.7 63.1 40.2 130.2 40.2 199.3.1 19.9-16 36-35.9 36z"
          />
        </svg>
      </span>
    </span>
    <span>
      хКаш╜╜цМЙщТо
    </span>
  </button>
</DocumentFragment>
`;

exports[`MagicButton > х┐лчЕзц╡ЛшпХ > х╕жхЫ╛цаЗцМЙщТох┐лчЕз 1`] = `
<DocumentFragment>
  <button
    aria-describedby="test-id"
    class="magic-btn css-dev-only-do-not-override-yotw4n css-var-r26 magic-btn-default magic-btn-color-default magic-btn-variant-outlined acss-1i6z9ln"
    type="button"
  >
    <span
      class="magic-btn-icon"
    >
      <span>
        ЁЯЪА
      </span>
    </span>
    <span>
      х╕жхЫ╛цаЗцМЙщТо
    </span>
  </button>
</DocumentFragment>
`;

exports[`MagicButton > х┐лчЕзц╡ЛшпХ > цЦЗцЬмцМЙщТох┐лчЕз 1`] = `
<DocumentFragment>
  <button
    aria-describedby="test-id"
    class="magic-btn css-dev-only-do-not-override-yotw4n css-var-r1m magic-btn-text magic-btn-color-default magic-btn-variant-text acss-1i6z9ln"
    type="button"
  >
    <span>
      цЦЗцЬмцМЙщТо
    </span>
  </button>
</DocumentFragment>
`;

exports[`MagicButton > х┐лчЕзц╡ЛшпХ > чжБчФичК╢цАБцМЙщТох┐лчЕз 1`] = `
<DocumentFragment>
  <button
    aria-describedby="test-id"
    class="magic-btn css-dev-only-do-not-override-yotw4n css-var-r1u magic-btn-default magic-btn-color-default magic-btn-variant-outlined acss-1i6z9ln"
    disabled=""
    type="button"
  >
    <span>
      чжБчФицМЙщТо
    </span>
  </button>
</DocumentFragment>
`;

exports[`MagicButton > х┐лчЕзц╡ЛшпХ > шЩЪч║┐цМЙщТох┐лчЕз 1`] = `
<DocumentFragment>
  <button
    aria-describedby="test-id"
    class="magic-btn css-dev-only-do-not-override-yotw4n css-var-r1i magic-btn-dashed magic-btn-color-default magic-btn-variant-dashed acss-1i6z9ln"
    type="button"
  >
    <span>
      шЩЪч║┐цМЙщТо
    </span>
  </button>
</DocumentFragment>
`;

exports[`MagicButton > х┐лчЕзц╡ЛшпХ > щУ╛цОецМЙщТох┐лчЕз 1`] = `
<DocumentFragment>
  <button
    aria-describedby="test-id"
    class="magic-btn css-dev-only-do-not-override-yotw4n css-var-r1q magic-btn-link magic-btn-color-link magic-btn-variant-link acss-1i6z9ln"
    type="button"
  >
    <span>
      щУ╛цОецМЙщТо
    </span>
  </button>
</DocumentFragment>
`;

exports[`MagicButton > х┐лчЕзц╡ЛшпХ > щЪРшЧПцМЙщТох┐лчЕз 1`] = `<DocumentFragment />`;

exports[`MagicButton > х┐лчЕзц╡ЛшпХ > щ╗ШшодцМЙщТох┐лчЕз 1`] = `
<DocumentFragment>
  <button
    aria-describedby="test-id"
    class="magic-btn css-dev-only-do-not-override-yotw4n css-var-r1a magic-btn-default magic-btn-color-default magic-btn-variant-outlined acss-1i6z9ln"
    type="button"
  >
    <span>
      щ╗ШшодцМЙщТо
    </span>
  </button>
</DocumentFragment>
`;
