// Vitest Snapshot v1, https://vitest.dev/guide/snapshot.html

exports[`MagicTag > х┐лчЕзц╡ЛшпХ > ф╕НхРМца╖х╝ПцаЗчн╛х┐лчЕз 1`] = `
<DocumentFragment>
  <span
    class="magic-tag magic-tag-success acss-1mtoqz4 css-dev-only-do-not-override-yotw4n css-var-r6"
  >
    цИРхКЯцаЗчн╛
    <svg
      aria-label="Close"
      class="tabler-icon tabler-icon-x magic-tag-close-icon"
      fill="none"
      height="16"
      stroke="rgba(28,29,35, 0.8)"
      stroke-linecap="round"
      stroke-linejoin="round"
      stroke-width="2"
      viewBox="0 0 24 24"
      width="16"
      xmlns="http://www.w3.org/2000/svg"
    >
      <path
        d="M18 6l-12 12"
      />
      <path
        d="M6 6l12 12"
      />
    </svg>
  </span>
</DocumentFragment>
`;

exports[`MagicTag > х┐лчЕзц╡ЛшпХ > ф╕НхРМца╖х╝ПцаЗчн╛х┐лчЕз 2`] = `
<DocumentFragment>
  <span
    class="magic-tag magic-tag-warning acss-1mtoqz4 css-dev-only-do-not-override-yotw4n css-var-r7"
  >
    шнжхСКцаЗчн╛
    <svg
      aria-label="Close"
      class="tabler-icon tabler-icon-x magic-tag-close-icon"
      fill="none"
      height="16"
      stroke="rgba(28,29,35, 0.8)"
      stroke-linecap="round"
      stroke-linejoin="round"
      stroke-width="2"
      viewBox="0 0 24 24"
      width="16"
      xmlns="http://www.w3.org/2000/svg"
    >
      <path
        d="M18 6l-12 12"
      />
      <path
        d="M6 6l12 12"
      />
    </svg>
  </span>
</DocumentFragment>
`;

exports[`MagicTag > х┐лчЕзц╡ЛшпХ > ф╕НхРМщвЬшЙ▓цаЗчн╛х┐лчЕз 1`] = `
<DocumentFragment>
  <span
    class="magic-tag magic-tag-blue acss-1mtoqz4 css-dev-only-do-not-override-yotw4n css-var-r2"
  >
    шУЭшЙ▓цаЗчн╛
    <svg
      aria-label="Close"
      class="tabler-icon tabler-icon-x magic-tag-close-icon"
      fill="none"
      height="16"
      stroke="rgba(28,29,35, 0.8)"
      stroke-linecap="round"
      stroke-linejoin="round"
      stroke-width="2"
      viewBox="0 0 24 24"
      width="16"
      xmlns="http://www.w3.org/2000/svg"
    >
      <path
        d="M18 6l-12 12"
      />
      <path
        d="M6 6l12 12"
      />
    </svg>
  </span>
</DocumentFragment>
`;

exports[`MagicTag > х┐лчЕзц╡ЛшпХ > ф╕НхРМщвЬшЙ▓цаЗчн╛х┐лчЕз 2`] = `
<DocumentFragment>
  <span
    class="magic-tag magic-tag-red acss-1mtoqz4 css-dev-only-do-not-override-yotw4n css-var-r3"
  >
    ч║вшЙ▓цаЗчн╛
    <svg
      aria-label="Close"
      class="tabler-icon tabler-icon-x magic-tag-close-icon"
      fill="none"
      height="16"
      stroke="rgba(28,29,35, 0.8)"
      stroke-linecap="round"
      stroke-linejoin="round"
      stroke-width="2"
      viewBox="0 0 24 24"
      width="16"
      xmlns="http://www.w3.org/2000/svg"
    >
      <path
        d="M18 6l-12 12"
      />
      <path
        d="M6 6l12 12"
      />
    </svg>
  </span>
</DocumentFragment>
`;

exports[`MagicTag > х┐лчЕзц╡ЛшпХ > ф╕НхРМщвЬшЙ▓цаЗчн╛х┐лчЕз 3`] = `
<DocumentFragment>
  <span
    class="magic-tag magic-tag-green acss-1mtoqz4 css-dev-only-do-not-override-yotw4n css-var-r4"
  >
    ч╗┐шЙ▓цаЗчн╛
    <svg
      aria-label="Close"
      class="tabler-icon tabler-icon-x magic-tag-close-icon"
      fill="none"
      height="16"
      stroke="rgba(28,29,35, 0.8)"
      stroke-linecap="round"
      stroke-linejoin="round"
      stroke-width="2"
      viewBox="0 0 24 24"
      width="16"
      xmlns="http://www.w3.org/2000/svg"
    >
      <path
        d="M18 6l-12 12"
      />
      <path
        d="M6 6l12 12"
      />
    </svg>
  </span>
</DocumentFragment>
`;

exports[`MagicTag > х┐лчЕзц╡ЛшпХ > хПпхЕ│щЧнцаЗчн╛х┐лчЕз 1`] = `
<DocumentFragment>
  <span
    class="magic-tag acss-1mtoqz4 css-dev-only-do-not-override-yotw4n css-var-r5"
  >
    хПпхЕ│щЧнцаЗчн╛
    <svg
      aria-label="Close"
      class="tabler-icon tabler-icon-x magic-tag-close-icon"
      fill="none"
      height="16"
      stroke="rgba(28,29,35, 0.8)"
      stroke-linecap="round"
      stroke-linejoin="round"
      stroke-width="2"
      viewBox="0 0 24 24"
      width="16"
      xmlns="http://www.w3.org/2000/svg"
    >
      <path
        d="M18 6l-12 12"
      />
      <path
        d="M6 6l12 12"
      />
    </svg>
  </span>
</DocumentFragment>
`;

exports[`MagicTag > х┐лчЕзц╡ЛшпХ > хЫ╛цаЗцаЗчн╛х┐лчЕз 1`] = `
<DocumentFragment>
  <span
    class="magic-tag acss-1mtoqz4 css-dev-only-do-not-override-yotw4n css-var-r9"
  >
    <span>
      ЁЯП╖я╕П
    </span>
    <span>
      х╕жхЫ╛цаЗцаЗчн╛
    </span>
    <svg
      aria-label="Close"
      class="tabler-icon tabler-icon-x magic-tag-close-icon"
      fill="none"
      height="16"
      stroke="rgba(28,29,35, 0.8)"
      stroke-linecap="round"
      stroke-linejoin="round"
      stroke-width="2"
      viewBox="0 0 24 24"
      width="16"
      xmlns="http://www.w3.org/2000/svg"
    >
      <path
        d="M18 6l-12 12"
      />
      <path
        d="M6 6l12 12"
      />
    </svg>
  </span>
</DocumentFragment>
`;

exports[`MagicTag > х┐лчЕзц╡ЛшпХ > ш╛╣цбЖца╖х╝ПцаЗчн╛х┐лчЕз 1`] = `
<DocumentFragment>
  <span
    class="magic-tag acss-1mtoqz4 css-dev-only-do-not-override-yotw4n css-var-r8"
  >
    ш╛╣цбЖцаЗчн╛
    <svg
      aria-label="Close"
      class="tabler-icon tabler-icon-x magic-tag-close-icon"
      fill="none"
      height="16"
      stroke="rgba(28,29,35, 0.8)"
      stroke-linecap="round"
      stroke-linejoin="round"
      stroke-width="2"
      viewBox="0 0 24 24"
      width="16"
      xmlns="http://www.w3.org/2000/svg"
    >
      <path
        d="M18 6l-12 12"
      />
      <path
        d="M6 6l12 12"
      />
    </svg>
  </span>
</DocumentFragment>
`;

exports[`MagicTag > х┐лчЕзц╡ЛшпХ > щ╗ШшодцаЗчн╛х┐лчЕз 1`] = `
<DocumentFragment>
  <span
    class="magic-tag acss-1mtoqz4 css-dev-only-do-not-override-yotw4n css-var-r1"
  >
    щ╗ШшодцаЗчн╛
    <svg
      aria-label="Close"
      class="tabler-icon tabler-icon-x magic-tag-close-icon"
      fill="none"
      height="16"
      stroke="rgba(28,29,35, 0.8)"
      stroke-linecap="round"
      stroke-linejoin="round"
      stroke-width="2"
      viewBox="0 0 24 24"
      width="16"
      xmlns="http://www.w3.org/2000/svg"
    >
      <path
        d="M18 6l-12 12"
      />
      <path
        d="M6 6l12 12"
      />
    </svg>
  </span>
</DocumentFragment>
`;
