// Vitest Snapshot v1, https://vitest.dev/guide/snapshot.html

exports[`MagicMenu > т┐ФуЁДТхІУ»Ћ > тъѓуЏ┤УЈютЇЋт┐ФуЁД 1`] = `
<DocumentFragment>
  <ul
    class="magic-menu magic-menu-root magic-menu-vertical magic-menu-light acss-sgfakk acss-1691gak css-dev-only-do-not-override-yotw4n css-var-rk magic-menu-css-var"
    data-menu-list="true"
    role="menu"
    tabindex="0"
  >
    <li
      aria-describedby="test-id"
      class="magic-menu-item magic-menu-item-only-child"
      data-menu-id="rc-menu-uuid-test-1"
      role="menuitem"
      tabindex="-1"
    >
      <span
        class="magic-menu-title-content"
      >
        УЈютЇЋжА╣1
      </span>
    </li>
    <li
      aria-describedby="test-id"
      class="magic-menu-item magic-menu-item-only-child"
      data-menu-id="rc-menu-uuid-test-2"
      role="menuitem"
      tabindex="-1"
    >
      <span
        class="magic-menu-title-content"
      >
        УЈютЇЋжА╣2
      </span>
    </li>
  </ul>
  <div
    aria-hidden="true"
    style="display: none;"
  />
</DocumentFragment>
`;

exports[`MagicMenu > т┐ФуЁДТхІУ»Ћ > тЪ║уАђУЈютЇЋт┐ФуЁД 1`] = `
<DocumentFragment>
  <ul
    class="magic-menu magic-menu-root magic-menu-vertical magic-menu-light acss-sgfakk acss-1691gak css-dev-only-do-not-override-yotw4n css-var-r3 magic-menu-css-var"
    data-menu-list="true"
    role="menu"
    tabindex="0"
  >
    <li
      aria-describedby="test-id"
      class="magic-menu-item magic-menu-item-only-child"
      data-menu-id="rc-menu-uuid-test-1"
      role="menuitem"
      tabindex="-1"
    >
      <span
        class="magic-menu-title-content"
      >
        УЈютЇЋжА╣1
      </span>
    </li>
    <li
      aria-describedby="test-id"
      class="magic-menu-item magic-menu-item-only-child"
      data-menu-id="rc-menu-uuid-test-2"
      role="menuitem"
      tabindex="-1"
    >
      <span
        class="magic-menu-title-content"
      >
        УЈютЇЋжА╣2
      </span>
    </li>
  </ul>
  <div
    aria-hidden="true"
    style="display: none;"
  />
</DocumentFragment>
`;

exports[`MagicMenu > т┐ФуЁДТхІУ»Ћ > тИдтЏЙТаЄУЈютЇЋт┐ФуЁД 1`] = `
<DocumentFragment>
  <ul
    class="magic-menu magic-menu-root magic-menu-vertical magic-menu-light acss-sgfakk acss-1691gak css-dev-only-do-not-override-yotw4n css-var-r8 magic-menu-css-var"
    data-menu-list="true"
    role="menu"
    tabindex="0"
  >
    <li
      aria-describedby="test-id"
      class="magic-menu-item"
      data-menu-id="rc-menu-uuid-test-1"
      role="menuitem"
      tabindex="-1"
    >
      <span
        class="magic-menu-item-icon"
      >
        ­ЪЈа
      </span>
      <span
        class="magic-menu-title-content"
      >
        УЈютЇЋжА╣1
      </span>
    </li>
    <li
      aria-describedby="test-id"
      class="magic-menu-item"
      data-menu-id="rc-menu-uuid-test-2"
      role="menuitem"
      tabindex="-1"
    >
      <span
        class="magic-menu-item-icon"
      >
        РџЎ№ИЈ
      </span>
      <span
        class="magic-menu-title-content"
      >
        УЈютЇЋжА╣2
      </span>
    </li>
  </ul>
  <div
    aria-hidden="true"
    style="display: none;"
  />
</DocumentFragment>
`;

exports[`MagicMenu > т┐ФуЁДТхІУ»Ћ > тИдтГљУЈютЇЋт┐ФуЁД 1`] = `
<DocumentFragment>
  <ul
    class="magic-menu magic-menu-root magic-menu-vertical magic-menu-light acss-sgfakk acss-1691gak css-dev-only-do-not-override-yotw4n css-var-rd magic-menu-css-var"
    data-menu-list="true"
    role="menu"
    tabindex="0"
  >
    <li
      class="magic-menu-submenu magic-menu-submenu-vertical"
      role="none"
    >
      <div
        aria-controls="rc-menu-uuid-test-1-popup"
        aria-expanded="false"
        aria-haspopup="true"
        class="magic-menu-submenu-title"
        data-menu-id="rc-menu-uuid-test-1"
        role="menuitem"
        tabindex="-1"
      >
        <span
          class="magic-menu-title-content"
        >
          уѕХУЈютЇЋ
        </span>
        <i
          class="magic-menu-submenu-arrow"
        />
      </div>
    </li>
  </ul>
  <div
    aria-hidden="true"
    style="display: none;"
  />
</DocumentFragment>
`;

exports[`MagicMenu > т┐ФуЁДТхІУ»Ћ > тИду▒╗тљЇУЈютЇЋт┐ФуЁД 1`] = `
<DocumentFragment>
  <ul
    class="magic-menu magic-menu-root magic-menu-vertical magic-menu-light acss-sgfakk custom-menu acss-1691gak css-dev-only-do-not-override-yotw4n css-var-ru magic-menu-css-var"
    data-menu-list="true"
    role="menu"
    tabindex="0"
  >
    <li
      aria-describedby="test-id"
      class="magic-menu-item magic-menu-item-only-child"
      data-menu-id="rc-menu-uuid-test-1"
      role="menuitem"
      tabindex="-1"
    >
      <span
        class="magic-menu-title-content"
      >
        УЈютЇЋжА╣1
      </span>
    </li>
    <li
      aria-describedby="test-id"
      class="magic-menu-item magic-menu-item-only-child"
      data-menu-id="rc-menu-uuid-test-2"
      role="menuitem"
      tabindex="-1"
    >
      <span
        class="magic-menu-title-content"
      >
        УЈютЇЋжА╣2
      </span>
    </li>
  </ul>
  <div
    aria-hidden="true"
    style="display: none;"
  />
</DocumentFragment>
`;

exports[`MagicMenu > т┐ФуЁДТхІУ»Ћ > тИдУЄфт«џС╣ЅТаит╝ЈУЈютЇЋт┐ФуЁД 1`] = `
<DocumentFragment>
  <ul
    class="magic-menu magic-menu-root magic-menu-vertical magic-menu-light acss-sgfakk acss-1691gak css-dev-only-do-not-override-yotw4n css-var-rp magic-menu-css-var"
    data-menu-list="true"
    role="menu"
    style="width: 200px;"
    tabindex="0"
  >
    <li
      aria-describedby="test-id"
      class="magic-menu-item magic-menu-item-only-child"
      data-menu-id="rc-menu-uuid-test-1"
      role="menuitem"
      tabindex="-1"
    >
      <span
        class="magic-menu-title-content"
      >
        УЈютЇЋжА╣1
      </span>
    </li>
    <li
      aria-describedby="test-id"
      class="magic-menu-item magic-menu-item-only-child"
      data-menu-id="rc-menu-uuid-test-2"
      role="menuitem"
      tabindex="-1"
    >
      <span
        class="magic-menu-title-content"
      >
        УЈютЇЋжА╣2
      </span>
    </li>
  </ul>
  <div
    aria-hidden="true"
    style="display: none;"
  />
</DocumentFragment>
`;

exports[`MagicMenu > т┐ФуЁДТхІУ»Ћ > жђЅСИГуіХТђЂУЈютЇЋт┐ФуЁД 1`] = `
<DocumentFragment>
  <ul
    class="magic-menu magic-menu-root magic-menu-vertical magic-menu-light acss-sgfakk acss-1691gak css-dev-only-do-not-override-yotw4n css-var-rf magic-menu-css-var"
    data-menu-list="true"
    role="menu"
    tabindex="0"
  >
    <li
      aria-describedby="test-id"
      class="magic-menu-item magic-menu-item-selected magic-menu-item-only-child"
      data-menu-id="rc-menu-uuid-test-1"
      role="menuitem"
      tabindex="-1"
    >
      <span
        class="magic-menu-title-content"
      >
        УЈютЇЋжА╣1
      </span>
    </li>
    <li
      aria-describedby="test-id"
      class="magic-menu-item magic-menu-item-only-child"
      data-menu-id="rc-menu-uuid-test-2"
      role="menuitem"
      tabindex="-1"
    >
      <span
        class="magic-menu-title-content"
      >
        УЈютЇЋжА╣2
      </span>
    </li>
  </ul>
  <div
    aria-hidden="true"
    style="display: none;"
  />
</DocumentFragment>
`;
